[2026-08-05T05:10:11.352Z] [info] %cDownload the React DevTools for a better development experience: https://reactjs.org/link/react-devtools font-weight:bold
[2026-08-05T05:10:12.126Z] [warning] You are trying to animate backgroundColor from "rgba(0, 0, 0, 0)" to "transparent". rgba(0, 0, 0, 0) is not an animatable value - to enable this animation set rgba(0, 0, 0, 0) to a value animatable to transparent via the `style` property.
[2026-08-05T05:10:12.170Z] [warning] matter-js: Matter.Engine.update: delta argument is recommended to be less than or equal to 16.667 ms.
[2026-08-05T05:13:36.506Z] [log] [Fast Refresh] rebuilding
[2026-08-05T05:13:38.216Z] [log] [Fast Refresh] done in 1896ms
[2026-08-05T05:21:51.763Z] [log] [Fast Refresh] rebuilding
[2026-08-05T05:21:53.321Z] [log] [Fast Refresh] done in 1674ms
[2026-08-05T05:22:07.444Z] [log] [Fast Refresh] rebuilding
[2026-08-05T05:22:08.293Z] [log] [Fast Refresh] done in 856ms
[2026-08-05T05:23:24.398Z] [log] [Fast Refresh] rebuilding
[2026-08-05T05:23:25.320Z] [log] [Fast Refresh] done in 946ms
[2026-08-05T05:26:07.495Z] [log] [Fast Refresh] rebuilding
[2026-08-05T05:26:08.690Z] [log] [Fast Refresh] done in 1275ms
[2026-08-05T05:26:30.917Z] [log] [Fast Refresh] rebuilding
[2026-08-05T05:26:31.353Z] [log] [Fast Refresh] done in 446ms
[2026-08-05T05:27:14.417Z] [log] [Fast Refresh] rebuilding
[2026-08-05T05:27:15.325Z] [log] [Fast Refresh] done in 908ms
[2026-08-05T05:27:16.100Z] [log] [Fast Refresh] rebuilding
[2026-08-05T05:28:10.187Z] [log] [Fast Refresh] rebuilding
[2026-08-05T05:28:12.182Z] [log] [Fast Refresh] done in 1548ms
[2026-08-05T05:29:14.524Z] [log] [Fast Refresh] rebuilding
[2026-08-05T05:29:15.386Z] [log] [Fast Refresh] done in 910ms
[2026-08-05T05:30:41.313Z] [log] [Fast Refresh] rebuilding
[2026-08-05T05:30:42.006Z] [log] [Fast Refresh] done in 700ms
[2026-08-05T05:32:57.851Z] [log] [Fast Refresh] rebuilding
[2026-08-05T05:32:58.938Z] [log] [Fast Refresh] done in 1120ms
[2026-08-05T05:37:50.120Z] [log] [Fast Refresh] rebuilding
[2026-08-05T05:37:51.981Z] [log] [Fast Refresh] done in 1959ms
[2026-08-05T05:39:53.484Z] [log] [Fast Refresh] rebuilding
[2026-08-05T05:39:55.660Z] [log] [Fast Refresh] rebuilding
[2026-08-05T05:39:55.869Z] [log] [Fast Refresh] done in 230ms
[2026-08-05T05:39:57.714Z] [log] [Fast Refresh] done in 2079ms
[2026-08-05T05:39:57.777Z] [log] [Fast Refresh] rebuilding
[2026-08-05T05:39:58.562Z] [error] Failed to load resource: the server responded with a status of 404 (Not Found)
[2026-08-05T05:39:58.572Z] [error] Failed to load resource: the server responded with a status of 404 (Not Found)
[2026-08-05T05:39:58.581Z] [log] [Fast Refresh] done in 787ms
[2026-08-05T05:40:32.328Z] [log] [Fast Refresh] rebuilding
[2026-08-05T05:40:33.236Z] [log] [Fast Refresh] rebuilding
[2026-08-05T05:40:33.502Z] [log] [Fast Refresh] done in 290ms
[2026-08-05T05:40:34.164Z] [log] [Fast Refresh] done in 1046ms
[2026-08-05T05:40:39.158Z] [log] [Fast Refresh] rebuilding
[2026-08-05T05:40:42.710Z] [log] [Fast Refresh] done in 3538ms
[2026-08-05T05:40:46.339Z] [log] [Fast Refresh] rebuilding
[2026-08-05T05:40:47.277Z] [log] [Fast Refresh] done in 761ms
