[2026-08-05T05:10:10.253Z] GET http://localhost:3002/ → 200 (283ms, ?B)
[2026-08-05T05:10:10.549Z] GET http://localhost:3002/_next/static/media/36966cca54120369-s.p.woff2 → 200 (22ms, ?B)
[2026-08-05T05:10:10.549Z] GET http://localhost:3002/_next/static/media/636a5ac981f94f8b-s.p.woff2 → 200 (18ms, ?B)
[2026-08-05T05:10:10.549Z] GET http://localhost:3002/_next/static/media/bb3ef058b751a6ad-s.p.woff2 → 200 (18ms, ?B)
[2026-08-05T05:10:10.549Z] GET http://localhost:3002/projects/hexapod/hexapod_cad.jpg → 200 (12ms, ?B)
[2026-08-05T05:10:10.549Z] GET http://localhost:3002/projects/hexapod/hexapod_print.png → 200 (18ms, ?B)
[2026-08-05T05:10:10.549Z] GET http://localhost:3002/projects/arm/arm_model.png → 200 (30ms, ?B)
[2026-08-05T05:10:10.549Z] GET http://localhost:3002/projects/arm/FEA.jpg → 200 (22ms, ?B)
[2026-08-05T05:10:10.551Z] GET http://localhost:3002/projects/drone/Drone_Disassembled.png → 200 (29ms, ?B)
[2026-08-05T05:10:10.551Z] GET http://localhost:3002/projects/japan/japan.png → 200 (28ms, ?B)
[2026-08-05T05:10:10.551Z] GET http://localhost:3002/projects/car/car_cv.png → 200 (31ms, ?B)
[2026-08-05T05:10:10.551Z] GET http://localhost:3002/projects/car/car_demo.jpg → pending (?ms, ?B)
[2026-08-05T05:10:10.551Z] GET http://localhost:3002/projects/car/car_group.jpg → pending (?ms, ?B)
[2026-08-05T05:10:10.552Z] GET http://localhost:3002/projects/flux/flux_a.png → pending (?ms, ?B)
[2026-08-05T05:10:10.552Z] GET http://localhost:3002/_next/static/css/app/layout.css?v=1785906610363 → 200 (19ms, ?B)
[2026-08-05T05:10:10.556Z] GET http://localhost:3002/_next/static/chunks/webpack.js?v=1785906610363 → pending (?ms, ?B)
[2026-08-05T05:10:10.556Z] GET http://localhost:3002/_next/static/chunks/main-app.js?v=1785906610363 → pending (?ms, ?B)
[2026-08-05T05:10:10.556Z] GET http://localhost:3002/_next/static/chunks/app-pages-internals.js → pending (?ms, ?B)
[2026-08-05T05:10:10.556Z] GET http://localhost:3002/_next/static/chunks/app/page.js → pending (?ms, ?B)
[2026-08-05T05:10:10.556Z] GET http://localhost:3002/_next/static/chunks/app/layout.js → pending (?ms, ?B)
[2026-08-05T05:10:10.556Z] GET http://localhost:3002/projects/flux/flux_b.png → pending (?ms, ?B)
[2026-08-05T05:10:10.556Z] GET http://localhost:3002/projects/flux/flux_c.png → pending (?ms, ?B)
[2026-08-05T05:10:12.127Z] GET http://localhost:3002/_next/static/chunks/_app-pages-browser_node_modules_matter-js_build_matter_js.js → 200 (?ms, 993340B)
[2026-08-05T05:13:38.088Z] GET http://localhost:3002/?_rsc=r3yhw → 200 (93ms, 4379B)
[2026-08-05T05:13:38.088Z] GET http://localhost:3002/_next/static/webpack/1b1fb5dde68bdf85.webpack.hot-update.json → 200 (47ms, 55B)
[2026-08-05T05:13:38.168Z] GET http://localhost:3002/_next/static/webpack/app/page.1b1fb5dde68bdf85.hot-update.js → 200 (28ms, 36885B)
[2026-08-05T05:13:38.168Z] GET http://localhost:3002/_next/static/webpack/app/layout.1b1fb5dde68bdf85.hot-update.js → 200 (26ms, 1591B)
[2026-08-05T05:13:38.176Z] GET http://localhost:3002/_next/static/webpack/webpack.1b1fb5dde68bdf85.hot-update.js → 200 (20ms, 858B)
[2026-08-05T05:13:38.242Z] GET http://localhost:3002/_next/static/css/app/layout.css?v=1785906818155 → 200 (9ms, 50295B)
[2026-08-05T05:21:53.185Z] GET http://localhost:3002/_next/static/webpack/298bcbcb7b7436e2.webpack.hot-update.json → 200 (55ms, 69B)
[2026-08-05T05:21:53.266Z] GET http://localhost:3002/_next/static/webpack/app/page.298bcbcb7b7436e2.hot-update.js → 200 (4ms, 22445B)
[2026-08-05T05:21:53.266Z] GET http://localhost:3002/_next/static/webpack/webpack.298bcbcb7b7436e2.hot-update.js → 200 (3ms, 858B)
[2026-08-05T05:22:07.897Z] GET http://localhost:3002/_next/static/webpack/9fe24861ba8ef392.webpack.hot-update.json → 200 (98ms, 69B)
[2026-08-05T05:22:08.034Z] GET http://localhost:3002/_next/static/webpack/app/page.9fe24861ba8ef392.hot-update.js → 200 (230ms, 22445B)
[2026-08-05T05:22:08.034Z] GET http://localhost:3002/_next/static/webpack/webpack.9fe24861ba8ef392.hot-update.js → 200 (230ms, 858B)
[2026-08-05T05:23:25.230Z] GET http://localhost:3002/_next/static/webpack/5204e516a9b6dbbf.webpack.hot-update.json → 200 (33ms, 69B)
[2026-08-05T05:23:25.284Z] GET http://localhost:3002/_next/static/webpack/app/page.5204e516a9b6dbbf.hot-update.js → 200 (2ms, 22561B)
[2026-08-05T05:23:25.284Z] GET http://localhost:3002/_next/static/webpack/webpack.5204e516a9b6dbbf.hot-update.js → 200 (4ms, 858B)
[2026-08-05T05:26:08.439Z] GET http://localhost:3002/_next/static/webpack/f62f78105c1364ef.webpack.hot-update.json → 200 (100ms, ?B)
[2026-08-05T05:26:08.634Z] GET http://localhost:3002/_next/static/webpack/app/page.f62f78105c1364ef.hot-update.js → 200 (30ms, 22660B)
[2026-08-05T05:26:08.634Z] GET http://localhost:3002/_next/static/webpack/webpack.f62f78105c1364ef.hot-update.js → 200 (27ms, 858B)
[2026-08-05T05:26:31.326Z] GET http://localhost:3002/_next/static/webpack/23ce47bb20655517.webpack.hot-update.json → 200 (5ms, 69B)
[2026-08-05T05:26:31.334Z] GET http://localhost:3002/_next/static/webpack/app/page.23ce47bb20655517.hot-update.js → 200 (9ms, 22743B)
[2026-08-05T05:26:31.334Z] GET http://localhost:3002/_next/static/webpack/webpack.23ce47bb20655517.hot-update.js → 200 (3ms, 858B)
[2026-08-05T05:27:15.274Z] GET http://localhost:3002/_next/static/webpack/2feda02f77acd4ed.webpack.hot-update.json → 200 (3ms, 69B)
[2026-08-05T05:27:15.284Z] GET http://localhost:3002/_next/static/webpack/app/page.2feda02f77acd4ed.hot-update.js → 200 (41ms, 22925B)
[2026-08-05T05:27:15.287Z] GET http://localhost:3002/_next/static/webpack/webpack.2feda02f77acd4ed.hot-update.js → 200 (35ms, 858B)
[2026-08-05T05:28:11.168Z] GET http://localhost:3002/_next/static/webpack/689c9a150522d74e.webpack.hot-update.json → 200 (104ms, 69B)
[2026-08-05T05:28:11.386Z] GET http://localhost:3002/_next/static/webpack/app/page.689c9a150522d74e.hot-update.js → 200 (659ms, ?B)
[2026-08-05T05:28:11.386Z] GET http://localhost:3002/_next/static/webpack/webpack.689c9a150522d74e.hot-update.js → 200 (175ms, ?B)
[2026-08-05T05:29:15.274Z] GET http://localhost:3002/_next/static/webpack/dcc3feda58179d82.webpack.hot-update.json → 200 (40ms, 69B)
[2026-08-05T05:29:15.342Z] GET http://localhost:3002/_next/static/webpack/app/page.dcc3feda58179d82.hot-update.js → 200 (3ms, 23082B)
[2026-08-05T05:29:15.343Z] GET http://localhost:3002/_next/static/webpack/webpack.dcc3feda58179d82.hot-update.js → 200 (1ms, 858B)
[2026-08-05T05:30:41.908Z] GET http://localhost:3002/_next/static/webpack/f8db8be7d5cc6cf2.webpack.hot-update.json → 200 (35ms, 69B)
[2026-08-05T05:30:41.957Z] GET http://localhost:3002/_next/static/webpack/app/page.f8db8be7d5cc6cf2.hot-update.js → 200 (26ms, 23077B)
[2026-08-05T05:30:41.958Z] GET http://localhost:3002/_next/static/webpack/webpack.f8db8be7d5cc6cf2.hot-update.js → 200 (26ms, 858B)
[2026-08-05T05:32:58.731Z] GET http://localhost:3002/_next/static/webpack/136b73f58f2054c4.webpack.hot-update.json → 200 (78ms, 69B)
[2026-08-05T05:32:58.864Z] GET http://localhost:3002/_next/static/webpack/app/page.136b73f58f2054c4.hot-update.js → 200 (25ms, 22867B)
[2026-08-05T05:32:58.877Z] GET http://localhost:3002/_next/static/webpack/webpack.136b73f58f2054c4.hot-update.js → 200 (9ms, 858B)
[2026-08-05T05:37:51.565Z] GET http://localhost:3002/?_rsc=r3yhw → pending (?ms, ?B)
[2026-08-05T05:37:51.581Z] GET http://localhost:3002/_next/static/webpack/b6cb77a63d5c4fd5.webpack.hot-update.json → pending (?ms, ?B)
[2026-08-05T05:37:51.912Z] GET http://localhost:3002/_next/static/webpack/app/page.b6cb77a63d5c4fd5.hot-update.js → 200 (35ms, 38747B)
[2026-08-05T05:37:51.914Z] GET http://localhost:3002/_next/static/webpack/app/layout.b6cb77a63d5c4fd5.hot-update.js → 200 (31ms, 1591B)
[2026-08-05T05:37:51.918Z] GET http://localhost:3002/_next/static/webpack/webpack.b6cb77a63d5c4fd5.hot-update.js → 200 (29ms, 858B)
[2026-08-05T05:37:51.989Z] GET http://localhost:3002/_next/static/css/app/layout.css?v=1785908271909 → 200 (2ms, 50295B)
[2026-08-05T05:39:55.652Z] GET http://localhost:3002/_next/static/webpack/7fce7bd5a7c69493.webpack.hot-update.json → 200 (56ms, 44B)
[2026-08-05T05:39:55.740Z] GET http://localhost:3002/_next/static/webpack/app/layout.7fce7bd5a7c69493.hot-update.js → 200 (44ms, 1591B)
[2026-08-05T05:39:55.740Z] GET http://localhost:3002/_next/static/webpack/webpack.7fce7bd5a7c69493.hot-update.js → 200 (43ms, 858B)
[2026-08-05T05:39:57.585Z] GET http://localhost:3002/?_rsc=r3yhw → 200 (84ms, 4379B)
[2026-08-05T05:39:57.589Z] GET http://localhost:3002/_next/static/webpack/3858a357e2b8edee.webpack.hot-update.json → 200 (9ms, 55B)
[2026-08-05T05:39:57.629Z] GET http://localhost:3002/_next/static/webpack/app/page.3858a357e2b8edee.hot-update.js → 200 (51ms, 37677B)
[2026-08-05T05:39:57.629Z] GET http://localhost:3002/_next/static/webpack/app/layout.3858a357e2b8edee.hot-update.js → 200 (50ms, 1591B)
[2026-08-05T05:39:57.629Z] GET http://localhost:3002/_next/static/webpack/webpack.3858a357e2b8edee.hot-update.js → 200 (48ms, 858B)
[2026-08-05T05:39:57.690Z] GET http://localhost:3002/_next/static/css/app/layout.css?v=1785908397650 → 200 (24ms, 50295B)
[2026-08-05T05:39:57.714Z] GET http://localhost:3002/about/photo1.jpg → pending (?ms, ?B)
[2026-08-05T05:39:57.714Z] GET http://localhost:3002/about/photo2.jpg → pending (?ms, ?B)
[2026-08-05T05:39:58.242Z] GET http://localhost:3002/_next/static/webpack/a0d72c85539a174b.webpack.hot-update.json → 200 (331ms, 31B)
[2026-08-05T05:39:58.573Z] GET http://localhost:3002/_next/static/webpack/webpack.a0d72c85539a174b.hot-update.js → 200 (7ms, 858B)
[2026-08-05T05:40:33.220Z] GET http://localhost:3002/_next/static/webpack/d4a3829008b4ec2e.webpack.hot-update.json → 200 (124ms, 44B)
[2026-08-05T05:40:33.468Z] GET http://localhost:3002/_next/static/webpack/app/layout.d4a3829008b4ec2e.hot-update.js → 200 (33ms, 1591B)
[2026-08-05T05:40:33.469Z] GET http://localhost:3002/_next/static/webpack/webpack.d4a3829008b4ec2e.hot-update.js → 200 (32ms, 858B)
[2026-08-05T05:40:34.127Z] GET http://localhost:3002/?_rsc=r3yhw → 200 (69ms, 4379B)
[2026-08-05T05:40:34.134Z] GET http://localhost:3002/_next/static/webpack/cd9413e06e364775.webpack.hot-update.json → 200 (10ms, 55B)
[2026-08-05T05:40:34.148Z] GET http://localhost:3002/_next/static/webpack/app/page.cd9413e06e364775.hot-update.js → 200 (3ms, 28555B)
[2026-08-05T05:40:34.148Z] GET http://localhost:3002/_next/static/webpack/app/layout.cd9413e06e364775.hot-update.js → 200 (4ms, 1591B)
[2026-08-05T05:40:34.149Z] GET http://localhost:3002/_next/static/webpack/webpack.cd9413e06e364775.hot-update.js → 200 (2ms, 858B)
[2026-08-05T05:40:34.215Z] GET http://localhost:3002/_next/static/css/app/layout.css?v=1785908434184 → 200 (14ms, 50295B)
[2026-08-05T05:40:42.185Z] GET http://localhost:3002/_next/static/webpack/b0c450d0799d024e.webpack.hot-update.json → 200 (317ms, 55B)
[2026-08-05T05:40:42.590Z] GET http://localhost:3002/_next/static/webpack/app/page.b0c450d0799d024e.hot-update.js → 200 (94ms, 28630B)
[2026-08-05T05:40:42.590Z] GET http://localhost:3002/_next/static/webpack/app/layout.b0c450d0799d024e.hot-update.js → 200 (95ms, 1591B)
[2026-08-05T05:40:42.609Z] GET http://localhost:3002/_next/static/webpack/webpack.b0c450d0799d024e.hot-update.js → 200 (49ms, 858B)
[2026-08-05T05:40:45.020Z] GET http://localhost:3002/?_rsc=r3yhw → 200 (341ms, 4379B)
[2026-08-05T05:40:45.397Z] GET http://localhost:3002/_next/static/css/app/layout.css?v=1785908445217 → 200 (13ms, 50295B)
[2026-08-05T05:40:47.025Z] GET http://localhost:3002/?_rsc=r3yhw → 200 (667ms, ?B)
[2026-08-05T05:40:47.033Z] GET http://localhost:3002/_next/static/webpack/9f45afaf6616501a.webpack.hot-update.json → 200 (41ms, 55B)
[2026-08-05T05:40:47.106Z] GET http://localhost:3002/_next/static/webpack/app/page.9f45afaf6616501a.hot-update.js → 200 (147ms, 28605B)
[2026-08-05T05:40:47.106Z] GET http://localhost:3002/_next/static/webpack/app/layout.9f45afaf6616501a.hot-update.js → 200 (41ms, 1591B)
[2026-08-05T05:40:47.106Z] GET http://localhost:3002/_next/static/webpack/webpack.9f45afaf6616501a.hot-update.js → 200 (37ms, 858B)
[2026-08-05T05:40:47.692Z] GET http://localhost:3002/_next/static/css/app/layout.css?v=1785908447139 → 200 (24ms, 50295B)
